---
source: crates/sdk/tests/public_api_snapshot.rs
expression: export_map(&workspace)
---
nebula_sdk::Error => enum [local]
nebula_sdk::Result => type [local]
nebula_sdk::RunReport => runtime::RunReport [use]
nebula_sdk::TestRuntime => runtime::TestRuntime [use]
nebula_sdk::action => mod [local]
nebula_sdk::action::Action => nebula_action::Action [use]
nebula_sdk::action::ActionEffectContract => nebula_action::ActionEffectContract [use]
nebula_sdk::action::ActionKey => nebula_core::ActionKey [use]
nebula_sdk::action::ActionMetadataDraft => nebula_action::ActionMetadataDraft [use]
nebula_sdk::action::Dependencies => nebula_core::Dependencies [use]
nebula_sdk::action::DeprecationNotice => nebula_metadata::DeprecationNotice [use]
nebula_sdk::action::Icon => nebula_metadata::Icon [use]
nebula_sdk::action::InputPort => nebula_action::InputPort [use]
nebula_sdk::action::IsolationLevel => nebula_action::IsolationLevel [use]
nebula_sdk::action::MetadataError => nebula_metadata::MetadataError [use]
nebula_sdk::action::MetadataName => nebula_metadata::MetadataName [use]
nebula_sdk::action::MetadataVersion => nebula_metadata::MetadataVersion [use]
nebula_sdk::action::OutputPort => nebula_action::OutputPort [use]
nebula_sdk::action::action_key => nebula_core::action_key [use]
nebula_sdk::action::metadata_name => nebula_metadata::metadata_name [use]
nebula_sdk::client => mod [local]
nebula_sdk::client::credential => mod [local]
nebula_sdk::client::credential::CredentialLifecycleOperation => nebula_credential::CredentialLifecycleOperation [use]
nebula_sdk::client::credential::CredentialLifecycleState => nebula_credential::CredentialLifecycleState [use]
nebula_sdk::client::credential::v1 => mod [local]
nebula_sdk::client::credential::v1::AcquisitionInteraction => enum [local]
nebula_sdk::client::credential::v1::ContinueResolveCredentialRequest => struct [local]
nebula_sdk::client::credential::v1::ContinueResolveCredentialResponse => type [local]
nebula_sdk::client::credential::v1::CreateCredentialRequest => struct [local]
nebula_sdk::client::credential::v1::CreateCredentialResponse => type [local]
nebula_sdk::client::credential::v1::Credential => struct [local]
nebula_sdk::client::credential::v1::CredentialCapabilities => struct [local]
nebula_sdk::client::credential::v1::CredentialIncidentId => struct [local]
nebula_sdk::client::credential::v1::CredentialLifecycleState => enum [local]
nebula_sdk::client::credential::v1::CredentialProblem => struct [local]
nebula_sdk::client::credential::v1::CredentialProblemKind => enum [local]
nebula_sdk::client::credential::v1::CredentialReconcileDecisionV1 => enum [local]
nebula_sdk::client::credential::v1::CredentialReconcileOperationV1 => enum [local]
nebula_sdk::client::credential::v1::CredentialSummary => struct [local]
nebula_sdk::client::credential::v1::DeleteCredentialResponse => struct [local]
nebula_sdk::client::credential::v1::FormPostField => struct [local]
nebula_sdk::client::credential::v1::GetCredentialResponse => type [local]
nebula_sdk::client::credential::v1::ListCredentialsRequest => struct [local]
nebula_sdk::client::credential::v1::ListCredentialsResponse => struct [local]
nebula_sdk::client::credential::v1::ProblemDetails => struct [local]
nebula_sdk::client::credential::v1::ReauthorizeCredentialRequest => struct [local]
nebula_sdk::client::credential::v1::ReauthorizeCredentialResponse => type [local]
nebula_sdk::client::credential::v1::ReconcileCredentialRequest => struct [local]
nebula_sdk::client::credential::v1::ReconcileCredentialResponse => struct [local]
nebula_sdk::client::credential::v1::ResolveCredentialRequest => struct [local]
nebula_sdk::client::credential::v1::ResolveCredentialResponse => enum [local]
nebula_sdk::client::credential::v1::RetryAfter => struct [local]
nebula_sdk::client::credential::v1::RevokeCredentialResponse => struct [local]
nebula_sdk::client::credential::v1::UpdateCredentialRequest => struct [local]
nebula_sdk::client::credential::v1::ValidationProblem => struct [local]
nebula_sdk::client::http => mod [local] [cfg(feature = "http")]
nebula_sdk::client::http::BearerToken => struct [local] [cfg(feature = "http")]
nebula_sdk::client::http::CredentialClient => struct [local] [cfg(feature = "http")]
nebula_sdk::client::http::HttpClient => struct [local] [cfg(feature = "http")]
nebula_sdk::client::http::HttpError => struct [local] [cfg(feature = "http")]
nebula_sdk::client::http::HttpErrorKind => enum [local] [cfg(feature = "http")]
nebula_sdk::client::http::HttpOptions => struct [local] [cfg(feature = "http")]
nebula_sdk::integration => mod [local]
nebula_sdk::integration::CatalogCategoryKey => nebula_metadata::CatalogCategoryKey [use]
nebula_sdk::integration::CatalogLink => nebula_metadata::CatalogLink [use]
nebula_sdk::integration::CatalogLinkRelation => nebula_metadata::CatalogLinkRelation [use]
nebula_sdk::integration::CatalogLinkTarget => nebula_metadata::CatalogLinkTarget [use]
nebula_sdk::integration::CatalogReference => nebula_metadata::CatalogReference [use]
nebula_sdk::integration::CatalogValueError => nebula_metadata::CatalogValueError [use]
nebula_sdk::integration::DeprecationNotice => nebula_metadata::DeprecationNotice [use]
nebula_sdk::integration::DocumentationOrigin => nebula_metadata::DocumentationOrigin [use]
nebula_sdk::integration::Icon => nebula_metadata::Icon [use]
nebula_sdk::integration::MaturityLevel => nebula_metadata::MaturityLevel [use]
nebula_sdk::integration::MetadataError => nebula_metadata::MetadataError [use]
nebula_sdk::integration::MetadataField => nebula_metadata::MetadataField [use]
nebula_sdk::integration::MetadataName => nebula_metadata::MetadataName [use]
nebula_sdk::integration::MetadataVersion => nebula_metadata::MetadataVersion [use]
nebula_sdk::integration::RemovalDate => nebula_metadata::RemovalDate [use]
nebula_sdk::integration::RemovalMilestone => nebula_metadata::RemovalMilestone [use]
nebula_sdk::integration::RemovalSchedule => nebula_metadata::RemovalSchedule [use]
nebula_sdk::integration::VersionReq => semver::VersionReq [use]
nebula_sdk::integration::action => mod [local]
nebula_sdk::integration::action::Action => nebula_action::Action [use]
nebula_sdk::integration::action::ActionEffectContract => nebula_action::ActionEffectContract [use]
nebula_sdk::integration::action::ActionMetadataDraft => nebula_action::ActionMetadataDraft [use]
nebula_sdk::integration::action::CancellationToken => tokio_util::sync::CancellationToken [use]
nebula_sdk::integration::action::EffectFailureCode => nebula_action::EffectFailureCode [use]
nebula_sdk::integration::action::EffectInvocationContext => nebula_action::EffectInvocationContext [use]
nebula_sdk::integration::action::EffectInvocationOutcome => nebula_action::EffectInvocationOutcome [use]
nebula_sdk::integration::action::EffectPreparationContext => nebula_action::EffectPreparationContext [use]
nebula_sdk::integration::action::EffectPreparationError => nebula_action::EffectPreparationError [use]
nebula_sdk::integration::action::EffectQueryContext => nebula_action::EffectQueryContext [use]
nebula_sdk::integration::action::EffectReconciliationOutcome => nebula_action::EffectReconciliationOutcome [use]
nebula_sdk::integration::action::ExecutionId => nebula_core::ExecutionId [use]
nebula_sdk::integration::action::NodeKey => nebula_core::NodeKey [use]
nebula_sdk::integration::action::OperationCallId => nebula_action::OperationCallId [use]
nebula_sdk::integration::action::OperationId => nebula_action::OperationId [use]
nebula_sdk::integration::action::OrgId => nebula_core::OrgId [use]
nebula_sdk::integration::action::PreparedEffectAdapter => nebula_action::PreparedEffectAdapter [use]
nebula_sdk::integration::action::PreparedRemoteEffect => nebula_action::PreparedRemoteEffect [use]
nebula_sdk::integration::action::ReadOnlyEffectQuery => nebula_action::ReadOnlyEffectQuery [use]
nebula_sdk::integration::action::RemoteDestinationGuarantee => nebula_action::RemoteDestinationGuarantee [use]
nebula_sdk::integration::action::RemoteEffectAction => nebula_action::RemoteEffectAction [use]
nebula_sdk::integration::action::RemoteEffectDescriptor => nebula_action::RemoteEffectDescriptor [use]
nebula_sdk::integration::action::RemoteEffectPolicy => nebula_action::RemoteEffectPolicy [use]
nebula_sdk::integration::action::RemoteEffectPolicyBuilder => nebula_action::RemoteEffectPolicyBuilder [use]
nebula_sdk::integration::action::RemoteEffectPolicyError => nebula_action::RemoteEffectPolicyError [use]
nebula_sdk::integration::action::StableKeyGuarantee => nebula_action::StableKeyGuarantee [use]
nebula_sdk::integration::action::WorkflowId => nebula_core::WorkflowId [use]
nebula_sdk::integration::action::WorkspaceId => nebula_core::WorkspaceId [use]
nebula_sdk::integration::credential => mod [local]
nebula_sdk::integration::credential::Credential => nebula_credential::Credential [use]
nebula_sdk::integration::credential::CredentialMetadataDraft => nebula_credential::CredentialMetadataDraft [use]
nebula_sdk::integration::credential::ResolveResult => nebula_credential::ResolveResult [use]
nebula_sdk::integration::credential::StaticResolveResult => nebula_credential::StaticResolveResult [use]
nebula_sdk::integration::credential::TestFailureCode => nebula_credential::TestFailureCode [use]
nebula_sdk::integration::credential::TestResult => nebula_credential::TestResult [use]
nebula_sdk::integration::metadata_name => nebula_metadata::metadata_name [use]
nebula_sdk::integration::resource => mod [local]
nebula_sdk::integration::resource::AdmissionPhase => nebula_resource::topology::AdmissionPhase [use]
nebula_sdk::integration::resource::Bounded => nebula_resource::Bounded [use]
nebula_sdk::integration::resource::BoundedMode => nebula_resource::BoundedMode [use]
nebula_sdk::integration::resource::BoundedProvider => nebula_resource::BoundedProvider [use]
nebula_sdk::integration::resource::BrokenCheck => nebula_resource::topology::BrokenCheck [use]
nebula_sdk::integration::resource::CheckCost => nebula_resource::CheckCost [use]
nebula_sdk::integration::resource::ClassifyError => nebula_resource::ClassifyError [use]
nebula_sdk::integration::resource::CreatedEntry => nebula_resource::topology::CreatedEntry [use]
nebula_sdk::integration::resource::CredentialUnavailableReason => nebula_resource::CredentialUnavailableReason [use]
nebula_sdk::integration::resource::DEFAULT_MAX_PENALTY => nebula_resource::rate_limit::DEFAULT_MAX_PENALTY [use]
nebula_sdk::integration::resource::Error => nebula_resource::Error [use]
nebula_sdk::integration::resource::ErrorKind => nebula_resource::ErrorKind [use]
nebula_sdk::integration::resource::HasCredentialSlots => nebula_resource::HasCredentialSlots [use]
nebula_sdk::integration::resource::HookFault => nebula_resource::topology::HookFault [use]
nebula_sdk::integration::resource::IdleRead => nebula_resource::topology::IdleRead [use]
nebula_sdk::integration::resource::InstanceMetrics => nebula_resource::topology::InstanceMetrics [use]
nebula_sdk::integration::resource::LeaseClosing => nebula_resource::LeaseClosing [use]
nebula_sdk::integration::resource::LimitScope => nebula_resource::rate_limit::LimitScope [use]
nebula_sdk::integration::resource::Limited => nebula_resource::rate_limit::Limited [use]
nebula_sdk::integration::resource::LimitedError => nebula_resource::rate_limit::LimitedError [use]
nebula_sdk::integration::resource::Load => nebula_resource::topology::Load [use]
nebula_sdk::integration::resource::MaintenanceSchedule => nebula_resource::topology::MaintenanceSchedule [use]
nebula_sdk::integration::resource::NoThrottle => nebula_resource::rate_limit::NoThrottle [use]
nebula_sdk::integration::resource::NoTopology => nebula_resource::topology::NoTopology [use]
nebula_sdk::integration::resource::OnError => nebula_resource::rate_limit::OnError [use]
nebula_sdk::integration::resource::Override => nebula_resource::rate_limit::Override [use]
nebula_sdk::integration::resource::PoolConfig => nebula_resource::PoolConfig [use]
nebula_sdk::integration::resource::PoolProvider => nebula_resource::PoolProvider [use]
nebula_sdk::integration::resource::PoolStrategy => nebula_resource::topology::PoolStrategy [use]
nebula_sdk::integration::resource::Pooled => nebula_resource::Pooled [use]
nebula_sdk::integration::resource::Provider => nebula_resource::Provider [use]
nebula_sdk::integration::resource::Rate => nebula_resource::rate_limit::Rate [use]
nebula_sdk::integration::resource::RateLimitSettings => nebula_resource::rate_limit::RateLimitSettings [use]
nebula_sdk::integration::resource::RecycleDecision => nebula_resource::topology::RecycleDecision [use]
nebula_sdk::integration::resource::ReleaseOutcome => nebula_resource::ReleaseOutcome [use]
nebula_sdk::integration::resource::ReplaceStatus => nebula_resource::topology::ReplaceStatus [use]
nebula_sdk::integration::resource::Resident => nebula_resource::Resident [use]
nebula_sdk::integration::resource::ResidentConfig => nebula_resource::ResidentConfig [use]
nebula_sdk::integration::resource::ResidentProvider => nebula_resource::ResidentProvider [use]
nebula_sdk::integration::resource::ResiliencePolicy => nebula_resource::rate_limit::ResiliencePolicy [use]
nebula_sdk::integration::resource::Resource => nebula_resource::Resource [use]
nebula_sdk::integration::resource::ResourceConfig => nebula_resource::ResourceConfig [use]
nebula_sdk::integration::resource::ResourceContext => nebula_resource::ResourceContext [use]
nebula_sdk::integration::resource::ResourceGuard => nebula_resource::ResourceGuard [use]
nebula_sdk::integration::resource::ResourceKey => nebula_core::ResourceKey [use]
nebula_sdk::integration::resource::ResourceLimiter => nebula_resource::rate_limit::ResourceLimiter [use]
nebula_sdk::integration::resource::ResourceMetadataDraft => nebula_resource::ResourceMetadataDraft [use]
nebula_sdk::integration::resource::RetainStatus => nebula_resource::topology::RetainStatus [use]
nebula_sdk::integration::resource::RetainedId => nebula_resource::topology::RetainedId [use]
nebula_sdk::integration::resource::RetainedLease => nebula_resource::topology::RetainedLease [use]
nebula_sdk::integration::resource::RetainedStore => nebula_resource::topology::RetainedStore [use]
nebula_sdk::integration::resource::RetireStatus => nebula_resource::topology::RetireStatus [use]
nebula_sdk::integration::resource::SlotCell => nebula_resource::SlotCell [use]
nebula_sdk::integration::resource::StoreRejection => nebula_resource::topology::StoreRejection [use]
nebula_sdk::integration::resource::StoreView => nebula_resource::topology::StoreView [use]
nebula_sdk::integration::resource::TeardownCx => nebula_resource::TeardownCx [use]
nebula_sdk::integration::resource::TeardownReason => nebula_resource::TeardownReason [use]
nebula_sdk::integration::resource::Throttle => nebula_resource::rate_limit::Throttle [use]
nebula_sdk::integration::resource::Ticket => nebula_resource::topology::Ticket [use]
nebula_sdk::integration::resource::Topology => nebula_resource::topology::Topology [use]
nebula_sdk::integration::resource::TopologyTag => nebula_resource::TopologyTag [use]
nebula_sdk::integration::resource::Unavailable => nebula_resource::topology::Unavailable [use]
nebula_sdk::integration::resource::Verdict => nebula_resource::rate_limit::Verdict [use]
nebula_sdk::integration::resource::no_credential_slots => nebula_resource::no_credential_slots [use]
nebula_sdk::integration::resource::on_error => nebula_resource::rate_limit::on_error [use]
nebula_sdk::integration::resource::resource_key => nebula_core::resource_key [use]
nebula_sdk::integration::resource::retry_after_from_header => nebula_resource::rate_limit::retry_after_from_header [use]
nebula_sdk::json => serde_json::json [use]
nebula_sdk::params => macro_rules [local] [macro_export]
nebula_sdk::prelude => mod [local]
nebula_sdk::prelude::Action => nebula_action::Action [use]
nebula_sdk::prelude::ActionContext => nebula_action::ActionContext [use]
nebula_sdk::prelude::ActionEffectContract => nebula_action::ActionEffectContract [use]
nebula_sdk::prelude::ActionError => nebula_action::ActionError [use]
nebula_sdk::prelude::ActionKey => nebula_core::ActionKey [use]
nebula_sdk::prelude::ActionMetadataDraft => nebula_action::ActionMetadataDraft [use]
nebula_sdk::prelude::ActionResult => nebula_action::ActionResult [use]
nebula_sdk::prelude::ApiKeyCredential => nebula_credential::ApiKeyCredential [use]
nebula_sdk::prelude::AuthPattern => nebula_core::AuthPattern [use]
nebula_sdk::prelude::AuthScheme => nebula_credential::AuthScheme [use]
nebula_sdk::prelude::AuthSchemeContract => nebula_core::AuthScheme [use]
nebula_sdk::prelude::AuthoredValue => nebula_schema::AuthoredValue [use]
nebula_sdk::prelude::BasicAuthCredential => nebula_credential::BasicAuthCredential [use]
nebula_sdk::prelude::BatchAction => nebula_action::stateful::BatchAction [use]
nebula_sdk::prelude::BatchItemResult => nebula_action::stateful::BatchItemResult [use]
nebula_sdk::prelude::BooleanField => nebula_schema::BooleanField [use]
nebula_sdk::prelude::Bounded => nebula_resource::Bounded [use]
nebula_sdk::prelude::BoundedMode => nebula_resource::BoundedMode [use]
nebula_sdk::prelude::BoundedProvider => nebula_resource::BoundedProvider [use]
nebula_sdk::prelude::BreakReason => nebula_action::result::BreakReason [use]
nebula_sdk::prelude::CatalogCategoryKey => nebula_metadata::CatalogCategoryKey [use]
nebula_sdk::prelude::CatalogLink => nebula_metadata::CatalogLink [use]
nebula_sdk::prelude::CatalogLinkRelation => nebula_metadata::CatalogLinkRelation [use]
nebula_sdk::prelude::CatalogLinkTarget => nebula_metadata::CatalogLinkTarget [use]
nebula_sdk::prelude::CatalogReference => nebula_metadata::CatalogReference [use]
nebula_sdk::prelude::CatalogValueError => nebula_metadata::CatalogValueError [use]
nebula_sdk::prelude::ClassifyError => nebula_resource::ClassifyError [use]
nebula_sdk::prelude::CodeField => nebula_schema::CodeField [use]
nebula_sdk::prelude::ComputedField => nebula_schema::ComputedField [use]
nebula_sdk::prelude::Connection => nebula_workflow::connection::Connection [use]
nebula_sdk::prelude::CoreWorkflowBuilder => nebula_workflow::WorkflowBuilder [use]
nebula_sdk::prelude::Credential => nebula_credential::Credential [use]
nebula_sdk::prelude::CredentialContext => nebula_credential::CredentialContext [use]
nebula_sdk::prelude::CredentialError => nebula_credential::CredentialError [use]
nebula_sdk::prelude::CredentialId => nebula_credential::CredentialId [use]
nebula_sdk::prelude::CredentialKey => nebula_core::CredentialKey [use]
nebula_sdk::prelude::CredentialMetadataDraft => nebula_credential::CredentialMetadataDraft [use]
nebula_sdk::prelude::CredentialSnapshot => nebula_credential::CredentialSnapshot [use]
nebula_sdk::prelude::CredentialState => nebula_credential::CredentialState [use]
nebula_sdk::prelude::DeduplicatingCursor => nebula_action::poll::DeduplicatingCursor [use]
nebula_sdk::prelude::Dependencies => nebula_core::Dependencies [use]
nebula_sdk::prelude::DeprecationNotice => nebula_metadata::DeprecationNotice [use]
nebula_sdk::prelude::Deserialize => serde::Deserialize [use]
nebula_sdk::prelude::DocumentationOrigin => nebula_metadata::DocumentationOrigin [use]
nebula_sdk::prelude::DynamicField => nebula_schema::DynamicField [use]
nebula_sdk::prelude::EnumSelect => nebula_schema::EnumSelect [use]
nebula_sdk::prelude::Error => nebula_resource::Error [use]
nebula_sdk::prelude::Error => thiserror::Error [use]
nebula_sdk::prelude::ErrorKind => nebula_resource::ErrorKind [use]
nebula_sdk::prelude::ExecutionId => nebula_core::ExecutionId [use]
nebula_sdk::prelude::Expression => nebula_schema::Expression [use]
nebula_sdk::prelude::ExpressionMode => nebula_schema::ExpressionMode [use]
nebula_sdk::prelude::FieldKey => nebula_schema::FieldKey [use]
nebula_sdk::prelude::FieldPath => nebula_schema::FieldPath [use]
nebula_sdk::prelude::FileField => nebula_schema::FileField [use]
nebula_sdk::prelude::HasCredentialSlots => nebula_resource::HasCredentialSlots [use]
nebula_sdk::prelude::HasSchema => nebula_schema::HasSchema [use]
nebula_sdk::prelude::HasSelectOptions => nebula_schema::HasSelectOptions [use]
nebula_sdk::prelude::Icon => nebula_metadata::Icon [use]
nebula_sdk::prelude::IdentityPassword => nebula_credential::IdentityPassword [use]
nebula_sdk::prelude::InputHint => nebula_schema::InputHint [use]
nebula_sdk::prelude::InputPort => nebula_action::port::InputPort [use]
nebula_sdk::prelude::IsolationLevel => nebula_action::IsolationLevel [use]
nebula_sdk::prelude::ListField => nebula_schema::ListField [use]
nebula_sdk::prelude::LoaderContext => nebula_schema::LoaderContext [use]
nebula_sdk::prelude::LoaderRegistry => nebula_schema::LoaderRegistry [use]
nebula_sdk::prelude::ManifestError => nebula_plugin::ManifestError [use]
nebula_sdk::prelude::Map => serde_json::Map [use]
nebula_sdk::prelude::MaturityLevel => nebula_metadata::MaturityLevel [use]
nebula_sdk::prelude::MetadataError => nebula_metadata::MetadataError [use]
nebula_sdk::prelude::MetadataField => nebula_metadata::MetadataField [use]
nebula_sdk::prelude::MetadataName => nebula_metadata::MetadataName [use]
nebula_sdk::prelude::MetadataVersion => nebula_metadata::MetadataVersion [use]
nebula_sdk::prelude::ModeField => nebula_schema::ModeField [use]
nebula_sdk::prelude::NoAuthFamily => nebula_core::auth::NoAuthFamily [use]
nebula_sdk::prelude::NodeDefinition => nebula_workflow::node::NodeDefinition [use]
nebula_sdk::prelude::NodeKey => nebula_core::NodeKey [use]
nebula_sdk::prelude::NoticeField => nebula_schema::NoticeField [use]
nebula_sdk::prelude::NumberField => nebula_schema::NumberField [use]
nebula_sdk::prelude::OAuth2Credential => nebula_credential::OAuth2Credential [use]
nebula_sdk::prelude::OAuth2Token => nebula_credential::OAuth2Token [use]
nebula_sdk::prelude::ObjectField => nebula_schema::ObjectField [use]
nebula_sdk::prelude::OperationCallId => nebula_core::OperationCallId [use]
nebula_sdk::prelude::OutputPort => nebula_action::port::OutputPort [use]
nebula_sdk::prelude::PageResult => nebula_action::stateful::PageResult [use]
nebula_sdk::prelude::PaginatedAction => nebula_action::stateful::PaginatedAction [use]
nebula_sdk::prelude::ParamValue => nebula_workflow::ParamValue [use]
nebula_sdk::prelude::Plugin => nebula_plugin::Plugin [use]
nebula_sdk::prelude::PluginDependency => nebula_plugin::PluginDependency [use]
nebula_sdk::prelude::PluginKey => nebula_core::PluginKey [use]
nebula_sdk::prelude::PluginManifest => nebula_plugin::PluginManifest [use]
nebula_sdk::prelude::PluginManifestBuilder => nebula_plugin::PluginManifestBuilder [use]
nebula_sdk::prelude::PollAction => nebula_action::poll::PollAction [use]
nebula_sdk::prelude::PollConfig => nebula_action::poll::PollConfig [use]
nebula_sdk::prelude::PollCursor => nebula_action::poll::PollCursor [use]
nebula_sdk::prelude::PollResult => nebula_action::poll::PollResult [use]
nebula_sdk::prelude::PoolConfig => nebula_resource::PoolConfig [use]
nebula_sdk::prelude::PoolProvider => nebula_resource::PoolProvider [use]
nebula_sdk::prelude::Pooled => nebula_resource::Pooled [use]
nebula_sdk::prelude::Predicate => nebula_schema::Predicate [use]
nebula_sdk::prelude::ProgramSyntax => nebula_schema::ProgramSyntax [use]
nebula_sdk::prelude::Property => nebula_schema::Property [use]
nebula_sdk::prelude::Provider => nebula_resource::Provider [use]
nebula_sdk::prelude::RecordShape => nebula_schema::RecordShape [use]
nebula_sdk::prelude::ReleaseOutcome => nebula_resource::ReleaseOutcome [use]
nebula_sdk::prelude::ReloadOutcome => nebula_resource::ReloadOutcome [use]
nebula_sdk::prelude::RemoteDestinationGuarantee => nebula_action::RemoteDestinationGuarantee [use]
nebula_sdk::prelude::RemoteEffectDescriptor => nebula_action::RemoteEffectDescriptor [use]
nebula_sdk::prelude::RemoteEffectPolicy => nebula_action::RemoteEffectPolicy [use]
nebula_sdk::prelude::RemoteEffectPolicyBuilder => nebula_action::RemoteEffectPolicyBuilder [use]
nebula_sdk::prelude::RemoteEffectPolicyError => nebula_action::RemoteEffectPolicyError [use]
nebula_sdk::prelude::RemovalDate => nebula_metadata::RemovalDate [use]
nebula_sdk::prelude::RemovalMilestone => nebula_metadata::RemovalMilestone [use]
nebula_sdk::prelude::RemovalSchedule => nebula_metadata::RemovalSchedule [use]
nebula_sdk::prelude::RequiredMode => nebula_schema::RequiredMode [use]
nebula_sdk::prelude::Resident => nebula_resource::Resident [use]
nebula_sdk::prelude::ResidentConfig => nebula_resource::ResidentConfig [use]
nebula_sdk::prelude::ResidentProvider => nebula_resource::ResidentProvider [use]
nebula_sdk::prelude::Resource => nebula_resource::Resource [use]
nebula_sdk::prelude::ResourceConfig => nebula_resource::ResourceConfig [use]
nebula_sdk::prelude::ResourceContext => nebula_resource::ResourceContext [use]
nebula_sdk::prelude::ResourceGuard => nebula_resource::ResourceGuard [use]
nebula_sdk::prelude::ResourceKey => nebula_core::ResourceKey [use]
nebula_sdk::prelude::ResourceMetadataDraft => nebula_resource::ResourceMetadataDraft [use]
nebula_sdk::prelude::RootShape => nebula_schema::RootShape [use]
nebula_sdk::prelude::Rule => nebula_schema::Rule [use]
nebula_sdk::prelude::RunReport => crate::runtime::RunReport [use]
nebula_sdk::prelude::ScalarKind => nebula_schema::ScalarKind [use]
nebula_sdk::prelude::ScalarSchema => nebula_schema::ScalarSchema [use]
nebula_sdk::prelude::ScalarValue => nebula_schema::ScalarValue [use]
nebula_sdk::prelude::Schema => nebula_action::Schema [use]
nebula_sdk::prelude::SchemaBuilder => nebula_schema::SchemaBuilder [use]
nebula_sdk::prelude::SchemaKind => nebula_schema::SchemaKind [use]
nebula_sdk::prelude::ScopeLevel => nebula_core::ScopeLevel [use]
nebula_sdk::prelude::SdkError => crate::Error [use]
nebula_sdk::prelude::SdkResult => crate::Result [use]
nebula_sdk::prelude::SecretField => nebula_schema::SecretField [use]
nebula_sdk::prelude::SecretString => nebula_credential::SecretString [use]
nebula_sdk::prelude::SecretToken => nebula_credential::SecretToken [use]
nebula_sdk::prelude::SelectField => nebula_schema::SelectField [use]
nebula_sdk::prelude::SelectOption => nebula_schema::SelectOption [use]
nebula_sdk::prelude::SerdeTagging => nebula_schema::SerdeTagging [use]
nebula_sdk::prelude::Serialize => serde::Serialize [use]
nebula_sdk::prelude::Severity => nebula_schema::Severity [use]
nebula_sdk::prelude::SlotCell => nebula_resource::SlotCell [use]
nebula_sdk::prelude::SnapshotError => nebula_credential::SnapshotError [use]
nebula_sdk::prelude::SpyEmitter => nebula_action::testing::SpyEmitter [use]
nebula_sdk::prelude::SpyLogger => nebula_action::testing::SpyLogger [use]
nebula_sdk::prelude::SpyScheduler => nebula_action::testing::SpyScheduler [use]
nebula_sdk::prelude::StatefulAction => nebula_action::stateful::StatefulAction [use]
nebula_sdk::prelude::StatefulTestHarness => nebula_action::testing::StatefulTestHarness [use]
nebula_sdk::prelude::StatelessAction => nebula_action::StatelessAction [use]
nebula_sdk::prelude::StreamAction => nebula_action::StreamAction [use]
nebula_sdk::prelude::StringField => nebula_schema::StringField [use]
nebula_sdk::prelude::TeardownCx => nebula_resource::TeardownCx [use]
nebula_sdk::prelude::TeardownReason => nebula_resource::TeardownReason [use]
nebula_sdk::prelude::TestContextBuilder => nebula_action::testing::TestContextBuilder [use]
nebula_sdk::prelude::TestRuntime => crate::runtime::TestRuntime [use]
nebula_sdk::prelude::TopologyTag => nebula_resource::TopologyTag [use]
nebula_sdk::prelude::Transformer => nebula_schema::Transformer [use]
nebula_sdk::prelude::TriggerContext => nebula_action::TriggerContext [use]
nebula_sdk::prelude::TriggerEvent => nebula_action::TriggerEvent [use]
nebula_sdk::prelude::TriggerEventOutcome => nebula_action::TriggerEventOutcome [use]
nebula_sdk::prelude::TriggerHealthSnapshot => nebula_action::TriggerHealthSnapshot [use]
nebula_sdk::prelude::TriggerTestHarness => nebula_action::testing::TriggerTestHarness [use]
nebula_sdk::prelude::UnionShape => nebula_schema::UnionShape [use]
nebula_sdk::prelude::UnknownField => nebula_schema::UnknownField [use]
nebula_sdk::prelude::ValidSchema => nebula_schema::ValidSchema [use]
nebula_sdk::prelude::Validate => nebula_validator::foundation::Validate [use]
nebula_sdk::prelude::ValidateExt => nebula_validator::foundation::ValidateExt [use]
nebula_sdk::prelude::ValidationError => nebula_schema::ValidationError [use]
nebula_sdk::prelude::ValidationReport => nebula_schema::ValidationReport [use]
nebula_sdk::prelude::Validator => nebula_validator::Validator [use]
nebula_sdk::prelude::Value => serde_json::Value [use]
nebula_sdk::prelude::ValuePath => nebula_schema::ValuePath [use]
nebula_sdk::prelude::Version => nebula_workflow::Version [use]
nebula_sdk::prelude::VersionReq => semver::VersionReq [use]
nebula_sdk::prelude::VisibilityMode => nebula_schema::VisibilityMode [use]
nebula_sdk::prelude::WebhookAction => nebula_action::webhook::WebhookAction [use]
nebula_sdk::prelude::WebhookHttpResponse => nebula_action::webhook::WebhookHttpResponse [use]
nebula_sdk::prelude::WebhookRequest => nebula_action::WebhookRequest [use]
nebula_sdk::prelude::WebhookResponse => nebula_action::webhook::WebhookResponse [use]
nebula_sdk::prelude::WorkflowBuilder => crate::workflow::WorkflowBuilder [use]
nebula_sdk::prelude::WorkflowDefinition => nebula_workflow::WorkflowDefinition [use]
nebula_sdk::prelude::WorkflowId => nebula_core::WorkflowId [use]
nebula_sdk::prelude::action_key => nebula_core::action_key [use]
nebula_sdk::prelude::credential => nebula_credential::credential [use]
nebula_sdk::prelude::credential_key => nebula_core::credential_key [use]
nebula_sdk::prelude::field_key => nebula_action::field_key [use]
nebula_sdk::prelude::impl_batch_action => nebula_action::impl_batch_action [use]
nebula_sdk::prelude::impl_paginated_action => nebula_action::impl_paginated_action [use]
nebula_sdk::prelude::json => serde_json::json [use]
nebula_sdk::prelude::metadata_name => nebula_metadata::metadata_name [use]
nebula_sdk::prelude::no_credential_slots => nebula_resource::no_credential_slots [use]
nebula_sdk::prelude::params => crate::params [use]
nebula_sdk::prelude::resource_key => nebula_core::resource_key [use]
nebula_sdk::prelude::schema_of => nebula_schema::schema_of [use]
nebula_sdk::prelude::simple_action => crate::simple_action [use]
nebula_sdk::prelude::workflow => crate::workflow [use]
nebula_sdk::runtime => mod [local]
nebula_sdk::runtime::RunReport => struct [local]
nebula_sdk::runtime::TestRuntime => struct [local]
nebula_sdk::serde => serde [use]
nebula_sdk::serde_json => serde_json [use]
nebula_sdk::simple_action => macro_rules [local] [macro_export]
nebula_sdk::testing => mod [local] [cfg(feature = "testing")]
nebula_sdk::testing::assert_failure => fn [local] [cfg(feature = "testing")]
nebula_sdk::testing::assert_success => fn [local] [cfg(feature = "testing")]
nebula_sdk::testing::fixtures => mod [local] [cfg(feature = "testing")]
nebula_sdk::testing::fixtures::execution_id => fn [local] [cfg(feature = "testing")]
nebula_sdk::testing::fixtures::timestamp => fn [local] [cfg(feature = "testing")]
nebula_sdk::testing::fixtures::workflow_id => fn [local] [cfg(feature = "testing")]
nebula_sdk::testing::is_failure => fn [local] [cfg(feature = "testing")]
nebula_sdk::testing::is_success => fn [local] [cfg(feature = "testing")]
nebula_sdk::thiserror => thiserror [use]
nebula_sdk::tokio => tokio [use] [cfg(feature = "testing")]
nebula_sdk::workflow => macro_rules [local] [macro_export]
nebula_sdk::workflow => mod [local]
nebula_sdk::workflow::WorkflowBuilder => struct [local]
