---
source: crates/schema/tests/evolution_wire_snapshot.rs
expression: values
---
{
  "expr": {
    "$expr": "{{ $x.y }}"
  },
  "flag": true,
  "list": [
    1,
    2,
    3
  ],
  "mode": {
    "mode": "oauth2",
    "value": {
      "scope": "read"
    }
  },
  "nested": {
    "k": "v"
  },
  "scalar": 1,
  "text": "hello"
}
