---
source: crates/schema/tests/evolution_wire_snapshot.rs
expression: report
---
[
  {
    "code": "length.max",
    "path": "user.tags[0].name",
    "severity": "error",
    "params": [
      [
        "max",
        20
      ],
      [
        "actual",
        42
      ]
    ],
    "message": "value too long"
  },
  {
    "code": "notice.deprecated",
    "path": "",
    "severity": "warning",
    "params": [],
    "message": "field is deprecated"
  }
]
