---
source: crates/storage/tests/credential_encryption_invariants.rs
expression: "json!({\n    \"version\": encrypted.version, \"nonce_len\": encrypted.nonce.len(),\n    \"tag_len\": encrypted.tag.len(), \"ciphertext_len\":\n    encrypted.ciphertext.len(), \"key_id_empty\": encrypted.key_id.is_empty(),\n})"
---
{
  "ciphertext_len": 4,
  "key_id_empty": true,
  "nonce_len": 12,
  "tag_len": 16,
  "version": 1
}
